
- NASM Map file ---------------------------------------------------------------

Source file:  boot+kernel.asm
Output file:  ./builds/full.bin

-- Program origin -------------------------------------------------------------

00007C00

-- Sections (summary) ---------------------------------------------------------

Vstart            Start             Stop              Length    Class     Name
            7C00              7C00              AFC1  000033C1  progbits  .text

-- Sections (detailed) --------------------------------------------------------

---- Section .text ------------------------------------------------------------

class:     progbits
length:                33C1
start:                 7C00
align:     not defined
follows:   not defined
vstart:                7C00
valign:    not defined
vfollows:  not defined

-- Symbols --------------------------------------------------------------------

---- Section .text ------------------------------------------------------------

Real              Virtual           Name
            7C00              7C00  VERY_START
            7C16              7C16  disk_load
            7C2D              7C2D  disk_error
            7C35              7C35  sectors_error
            7C37              7C37  disk_loop
            7C39              7C39  load_kernel
            7E00              7E00  KERNEL_START
            7E3B              7E3B  WELCOMESTR
            7E4D              7E4D  WELCOMESTRLEN
            7E4F              7E4F  WELCOMESTR2
            7E6B              7E6B  WELCOMESTR2LEN
            7E6D              7E6D  PRINT
            7E75              7E75  PRINTLOOP
            7E85              7E85  PRINTNEWLINE
            7E8C              7E8C  PRINTEND
            7E8E              7E8E  MOVECURS
            7E9A              7E9A  GETINPUT
            7EA2              7EA2  GETINPUTLOOP
            7EC7              7EC7  GETINPUTBACKSPACE
            7EE8              7EE8  GETINPUTEND
            7EED              7EED  NEWLINE
            7F0F              7F0F  NEWLINESETCURS
            7F17              7F17  CMPSTR
            7F1B              7F1B  CMPLOOP
            7F32              7F32  CMPRELOOP
            7F40              7F40  CMPEQUAL
            7F45              7F45  CLEARSCREEN
            7F4F              7F4F  ENV
            7F51              7F51  CURDIR
            7F53              7F53  FREESPACE
            7F55              7F55  STDIN
            8055              8055  BINFOLDER
            8068              8068  BINTABLE0
            807E              807E  BINTABLE1
            8094              8094  BINTABLE2
            80AA              80AA  BINTABLE3
            80C0              80C0  BINTABLE4
            80D6              80D6  BINTABLE5
            80EC              80EC  BINTABLE6
            8102              8102  BINTABLE7
            8118              8118  BINTABLE8
            812E              812E  BINTABLE9
            8144              8144  BINTABLE10
            815A              815A  SHELLBIN
            815C              815C  SHELL
            8162              8162  SHELLTEXT
            8165              8165  SHELLTEXTLEN
            8167              8167  SHELLCOMMAND
            8187              8187  SHELLARGS
            81C7              81C7  SHELLNOTFOUNDSTR
            81DB              81DB  SHELLNOTFOUNDSTRLEN
            81DD              81DD  SHELLOOP
            8203              8203  SHELLARGSCHECK
            8222              8222  SHELLARGSWRITE
            822E              822E  SHELLARGSLOOP
            8243              8243  SHELLNOARGS
            824B              824B  SHELLRUNCOMMAND
            8267              8267  SHELLCHECKLOOP
            8280              8280  SHELLMATCH
            8299              8299  SHELLNOTFOUND
            82A8              82A8  LSBIN
            82AC              82AC  LSSTR
            82B0              82B0  LSSTRLEN
            82B2              82B2  LSSTR2
            82BB              82BB  LSSTR2LEN
            82BD              82BD  LSSTART
            82F4              82F4  LSLOOP
            830D              830D  LSEND
            830E              830E  CDBIN
            8312              8312  CDNOTFOUNDSTR
            831E              831E  CDNOTFOUNDSTRLEN
            8320              8320  CDSTART
            8339              8339  CDLOOP
            8351              8351  CDMATCH
            8365              8365  CDNOTFOUND
            8371              8371  CDEND
            8372              8372  CLSBIN
            8374              8374  CLS
            8378              8378  ECHOBIN
            837A              837A  ECHO
            838A              838A  CATBIN
            838E              838E  CATNOTFOUNDSTR
            839F              839F  CATNOTFOUNDSTRLEN
            83A1              83A1  CATSTART
            83BA              83BA  CATLOOP
            83D2              83D2  CATMATCH
            83EB              83EB  CATNOTFOUND
            83F4              83F4  CATEND
            83F8              83F8  TOUCHBIN
            840F              840F  TOUCHGETFILETABLELOOP
            841C              841C  TOUCHEMPTYFOLDER
            841F              841F  TOUCHGOTFILETABLE
            8441              8441  TOUCHWRITENAMELOOP
            8453              8453  TOUCHWRITENAMEEND
            846B              846B  EDBIN
            8470              8470  EDSTARTSTR
            84B0              84B0  EDSTARTSTRLEN
            84B2              84B2  EDHELPSTR
            8526              8526  EDHELPSTRLEN
            8528              8528  EDNOTFOUNDSTR
            8539              8539  EDNOTFOUNDSTRLEN
            853B              853B  EDNOTCOMMANDSTR
            854B              854B  EDNOTCOMMANDSTRLEN
            854D              854D  EDCURFILE
            854F              854F  EDBUFFER
            858F              858F  EDCOMMANDS
            85B3              85B3  EDSTART
            85CE              85CE  EDCHECKLOOP
            85E8              85E8  EDMATCH
            860D              860D  EDLOOP
            8619              8619  EDCOMMANDLOOP
            862C              862C  EDNOTCOMMAND
            863A              863A  EDCOMMANDMATCH
            865C              865C  EDADD
            866D              866D  EDBUFFERWRITELOOP
            867F              867F  EDADDEND
            8681              8681  EDWRITE
            8695              8695  EDWRITELOOP
            86A7              86A7  EDWRITEEND
            86B6              86B6  EDNEWLINE
            86CB              86CB  EDHELP
            86D7              86D7  EDNOTFOUND
            86E3              86E3  EDEND
            86E4              86E4  MKDIRBIN
            86FB              86FB  MKDIRGETFILETABLELOOP
            8708              8708  MKDIREMPTYFOLDER
            870B              870B  MKDIRGOTFILETABLE
            872D              872D  MKDIRNAMELOOP
            873F              873F  MKDIRNAMEWRITTEN
            875E              875E  MKDIRWRITENAME2
            8770              8770  MKDIRNAME2WRITTEN
            8792              8792  MKDIRSMALLLOOP
            879E              879E  MKDIRENDSMALLLOOP
            87AB              87AB  RMBIN
            87AF              87AF  RMFOLDERSTR
            87C1              87C1  RMFOLDERSTRLEN
            87C3              87C3  RMNOTFOUNDSTR
            87D4              87D4  RMNOTFOUNDSTRLEN
            87D6              87D6  RMSTART
            87EF              87EF  RMCHECKLOOP
            8807              8807  RMMATCH
            8813              8813  RMFOLDER
            882E              882E  RMNOTFOUND
            883C              883C  RMREMOVE
            8859              8859  RMFILELOOP
            8866              8866  RMWRITEMID
            886B              886B  RMDECREMENT
            8871              8871  RMEND
            8872              8872  FILES
            8885              8885  ROOTABLE0
            889B              889B  ROOTTABLE1
            88B1              88B1  FREESPACESTART

