
- NASM Map file ---------------------------------------------------------------

Source file:  boot+kernel.asm
Output file:  ./builds/full.bin

-- Program origin -------------------------------------------------------------

00007C00

-- Sections (summary) ---------------------------------------------------------

Vstart            Start             Stop              Length    Class     Name
            7C00              7C00              AEA4  000032A4  progbits  .text

-- Sections (detailed) --------------------------------------------------------

---- Section .text ------------------------------------------------------------

class:     progbits
length:                32A4
start:                 7C00
align:     not defined
follows:   not defined
vstart:                7C00
valign:    not defined
vfollows:  not defined

-- Symbols --------------------------------------------------------------------

---- Section .text ------------------------------------------------------------

Real              Virtual           Name
            7C00              7C00  VERY_START
            7C16              7C16  disk_load
            7C2D              7C2D  disk_error
            7C35              7C35  sectors_error
            7C37              7C37  disk_loop
            7C39              7C39  load_kernel
            7E00              7E00  KERNEL_START
            7E3B              7E3B  WELCOMESTR
            7E4D              7E4D  WELCOMESTRLEN
            7E4F              7E4F  WELCOMESTR2
            7E6B              7E6B  WELCOMESTR2LEN
            7E6D              7E6D  PRINT
            7E75              7E75  PRINTLOOP
            7E85              7E85  PRINTNEWLINE
            7E9A              7E9A  PRINTEND
            7E9C              7E9C  MOVECURS
            7EA8              7EA8  GETINPUT
            7EB0              7EB0  GETINPUTLOOP
            7ED0              7ED0  GETINPUTEND
            7ED5              7ED5  NEWLINE
            7EE7              7EE7  CMPSTR
            7EEB              7EEB  CMPLOOP
            7F02              7F02  CMPRELOOP
            7F10              7F10  CMPEQUAL
            7F15              7F15  CLEARSCREEN
            7F1F              7F1F  ENV
            7F21              7F21  BINFOLDER
            7F34              7F34  BINTABLE0
            7F4A              7F4A  BINTABLE1
            7F60              7F60  BINTABLE2
            7F76              7F76  BINTABLE3
            7F8C              7F8C  BINTABLE4
            7FA2              7FA2  BINTABLE5
            7FB8              7FB8  BINTABLE6
            7FCE              7FCE  BINTABLE7
            7FE4              7FE4  BINTABLE8
            7FFA              7FFA  SHELLBIN
            7FFC              7FFC  SHELL
            8002              8002  SHELLTEXT
            8005              8005  SHELLTEXTLEN
            8007              8007  SHELLCOMMAND
            8027              8027  SHELLARGS
            8067              8067  SHELLNOTFOUNDSTR
            807B              807B  SHELLNOTFOUNDSTRLEN
            807D              807D  SHELLOOP
            80A3              80A3  SHELLARGSCHECK
            80C2              80C2  SHELLARGSWRITE
            80CE              80CE  SHELLARGSLOOP
            80E3              80E3  SHELLNOARGS
            80EB              80EB  SHELLRUNCOMMAND
            8107              8107  SHELLCHECKLOOP
            8120              8120  SHELLMATCH
            8137              8137  SHELLNOTFOUND
            8146              8146  LSBIN
            814B              814B  LSSTR
            814F              814F  LSSTRLEN
            8151              8151  LSSTR2
            815A              815A  LSSTR2LEN
            815C              815C  LSSTART
            8193              8193  LSLOOP
            81AC              81AC  LSEND
            81AE              81AE  CDBIN
            81B3              81B3  CDNOTFOUNDSTR
            81BF              81BF  CDNOTFOUNDSTRLEN
            81C1              81C1  CDSTART
            81DA              81DA  CDLOOP
            81F2              81F2  CDMATCH
            8206              8206  CDNOTFOUND
            8212              8212  CDEND
            8214              8214  ECHOBIN
            8216              8216  ECHO
            8228              8228  CATBIN
            822D              822D  CATNOTFOUNDSTR
            823E              823E  CATNOTFOUNDSTRLEN
            8240              8240  CATSTART
            8259              8259  CATLOOP
            8271              8271  CATMATCH
            828A              828A  CATNOTFOUND
            8293              8293  CATEND
            8298              8298  TOUCHBIN
            82B0              82B0  TOUCHGETFILETABLELOOP
            82BD              82BD  TOUCHEMPTYFOLDER
            82C0              82C0  TOUCHGOTFILETABLE
            82E2              82E2  TOUCHWRITENAMELOOP
            82F4              82F4  TOUCHWRITENAMEEND
            830D              830D  EDBIN
            8313              8313  EDSTARTSTR
            8353              8353  EDSTARTSTRLEN
            8355              8355  EDHELPSTR
            83C9              83C9  EDHELPSTRLEN
            83CB              83CB  EDNOTFOUNDSTR
            83DC              83DC  EDNOTFOUNDSTRLEN
            83DE              83DE  EDNOTCOMMANDSTR
            83EE              83EE  EDNOTCOMMANDSTRLEN
            83F0              83F0  EDCURFILE
            83F2              83F2  EDBUFFER
            8432              8432  EDCOMMANDS
            8456              8456  EDSTART
            8471              8471  EDCHECKLOOP
            848B              848B  EDMATCH
            84B0              84B0  EDLOOP
            84BC              84BC  EDCOMMANDLOOP
            84CF              84CF  EDNOTCOMMAND
            84DD              84DD  EDCOMMANDMATCH
            84FF              84FF  EDADD
            8510              8510  EDBUFFERWRITELOOP
            8522              8522  EDADDEND
            8524              8524  EDWRITE
            8538              8538  EDWRITELOOP
            854A              854A  EDWRITEEND
            8559              8559  EDNEWLINE
            856E              856E  EDHELP
            857A              857A  EDNOTFOUND
            8586              8586  EDEND
            8588              8588  MKDIRBIN
            85A0              85A0  MKDIRGETFILETABLELOOP
            85AD              85AD  MKDIREMPTYFOLDER
            85B0              85B0  MKDIRGOTFILETABLE
            85D2              85D2  MKDIRNAMELOOP
            85E4              85E4  MKDIRNAMEWRITTEN
            8603              8603  MKDIRWRITENAME2
            8615              8615  MKDIRNAME2WRITTEN
            8637              8637  MKDIRSMALLLOOP
            8643              8643  MKDIRENDSMALLLOOP
            8651              8651  CURDIR
            8653              8653  FREESPACE
            8655              8655  STDIN
            8755              8755  FILES
            8768              8768  ROOTABLE0
            877E              877E  ROOTTABLE1
            8794              8794  FREESPACESTART

