
- NASM Map file ---------------------------------------------------------------

Source file:  boot+kernel.asm
Output file:  ./builds/full.bin

-- Program origin -------------------------------------------------------------

00007C00

-- Sections (summary) ---------------------------------------------------------

Vstart            Start             Stop              Length    Class     Name
            7C00              7C00              AEFE  000032FE  progbits  .text

-- Sections (detailed) --------------------------------------------------------

---- Section .text ------------------------------------------------------------

class:     progbits
length:                32FE
start:                 7C00
align:     not defined
follows:   not defined
vstart:                7C00
valign:    not defined
vfollows:  not defined

-- Symbols --------------------------------------------------------------------

---- Section .text ------------------------------------------------------------

Real              Virtual           Name
            7C00              7C00  VERY_START
            7C16              7C16  disk_load
            7C2D              7C2D  disk_error
            7C35              7C35  sectors_error
            7C37              7C37  disk_loop
            7C39              7C39  load_kernel
            7E00              7E00  KERNEL_START
            7E3B              7E3B  WELCOMESTR
            7E4D              7E4D  WELCOMESTRLEN
            7E4F              7E4F  WELCOMESTR2
            7E6B              7E6B  WELCOMESTR2LEN
            7E6D              7E6D  PRINT
            7E75              7E75  PRINTLOOP
            7E85              7E85  PRINTNEWLINE
            7E9A              7E9A  PRINTEND
            7E9C              7E9C  MOVECURS
            7EA8              7EA8  GETINPUT
            7EB0              7EB0  GETINPUTLOOP
            7ED5              7ED5  GETINPUTBACKSPACE
            7EF6              7EF6  GETINPUTEND
            7EFB              7EFB  NEWLINE
            7F1D              7F1D  NEWLINESETCURS
            7F25              7F25  CMPSTR
            7F29              7F29  CMPLOOP
            7F40              7F40  CMPRELOOP
            7F4E              7F4E  CMPEQUAL
            7F53              7F53  CLEARSCREEN
            7F5D              7F5D  ENV
            7F5F              7F5F  BINFOLDER
            7F72              7F72  BINTABLE0
            7F88              7F88  BINTABLE1
            7F9E              7F9E  BINTABLE2
            7FB4              7FB4  BINTABLE3
            7FCA              7FCA  BINTABLE4
            7FE0              7FE0  BINTABLE5
            7FF6              7FF6  BINTABLE6
            800C              800C  BINTABLE7
            8022              8022  BINTABLE8
            8038              8038  BINTABLE9
            804E              804E  SHELLBIN
            8050              8050  SHELL
            8056              8056  SHELLTEXT
            8059              8059  SHELLTEXTLEN
            805B              805B  SHELLCOMMAND
            807B              807B  SHELLARGS
            80BB              80BB  SHELLNOTFOUNDSTR
            80CF              80CF  SHELLNOTFOUNDSTRLEN
            80D1              80D1  SHELLOOP
            80F7              80F7  SHELLARGSCHECK
            8116              8116  SHELLARGSWRITE
            8122              8122  SHELLARGSLOOP
            8137              8137  SHELLNOARGS
            813F              813F  SHELLRUNCOMMAND
            815B              815B  SHELLCHECKLOOP
            8174              8174  SHELLMATCH
            818B              818B  SHELLNOTFOUND
            819A              819A  LSBIN
            819F              819F  LSSTR
            81A3              81A3  LSSTRLEN
            81A5              81A5  LSSTR2
            81AE              81AE  LSSTR2LEN
            81B0              81B0  LSSTART
            81E7              81E7  LSLOOP
            8200              8200  LSEND
            8202              8202  CDBIN
            8207              8207  CDNOTFOUNDSTR
            8213              8213  CDNOTFOUNDSTRLEN
            8215              8215  CDSTART
            822E              822E  CDLOOP
            8246              8246  CDMATCH
            825A              825A  CDNOTFOUND
            8266              8266  CDEND
            8268              8268  CLSBIN
            826A              826A  CLS
            826E              826E  ECHOBIN
            8270              8270  ECHO
            8282              8282  CATBIN
            8287              8287  CATNOTFOUNDSTR
            8298              8298  CATNOTFOUNDSTRLEN
            829A              829A  CATSTART
            82B3              82B3  CATLOOP
            82CB              82CB  CATMATCH
            82E4              82E4  CATNOTFOUND
            82ED              82ED  CATEND
            82F2              82F2  TOUCHBIN
            830A              830A  TOUCHGETFILETABLELOOP
            8317              8317  TOUCHEMPTYFOLDER
            831A              831A  TOUCHGOTFILETABLE
            833C              833C  TOUCHWRITENAMELOOP
            834E              834E  TOUCHWRITENAMEEND
            8367              8367  EDBIN
            836D              836D  EDSTARTSTR
            83AD              83AD  EDSTARTSTRLEN
            83AF              83AF  EDHELPSTR
            8423              8423  EDHELPSTRLEN
            8425              8425  EDNOTFOUNDSTR
            8436              8436  EDNOTFOUNDSTRLEN
            8438              8438  EDNOTCOMMANDSTR
            8448              8448  EDNOTCOMMANDSTRLEN
            844A              844A  EDCURFILE
            844C              844C  EDBUFFER
            848C              848C  EDCOMMANDS
            84B0              84B0  EDSTART
            84CB              84CB  EDCHECKLOOP
            84E5              84E5  EDMATCH
            850A              850A  EDLOOP
            8516              8516  EDCOMMANDLOOP
            8529              8529  EDNOTCOMMAND
            8537              8537  EDCOMMANDMATCH
            8559              8559  EDADD
            856A              856A  EDBUFFERWRITELOOP
            857C              857C  EDADDEND
            857E              857E  EDWRITE
            8592              8592  EDWRITELOOP
            85A4              85A4  EDWRITEEND
            85B3              85B3  EDNEWLINE
            85C8              85C8  EDHELP
            85D4              85D4  EDNOTFOUND
            85E0              85E0  EDEND
            85E2              85E2  MKDIRBIN
            85FA              85FA  MKDIRGETFILETABLELOOP
            8607              8607  MKDIREMPTYFOLDER
            860A              860A  MKDIRGOTFILETABLE
            862C              862C  MKDIRNAMELOOP
            863E              863E  MKDIRNAMEWRITTEN
            865D              865D  MKDIRWRITENAME2
            866F              866F  MKDIRNAME2WRITTEN
            8691              8691  MKDIRSMALLLOOP
            869D              869D  MKDIRENDSMALLLOOP
            86AB              86AB  CURDIR
            86AD              86AD  FREESPACE
            86AF              86AF  STDIN
            87AF              87AF  FILES
            87C2              87C2  ROOTABLE0
            87D8              87D8  ROOTTABLE1
            87EE              87EE  FREESPACESTART

